[debug] [2025-06-11T08:21:16.445Z] ----------------------------------------------------------------------
[debug] [2025-06-11T08:21:16.447Z] Command:       C:\Program Files\nodejs\node.exe C:\Users\jimem\nukebai\node_modules\firebase-tools\lib\bin\firebase.js deploy --only functions
[debug] [2025-06-11T08:21:16.447Z] CLI Version:   14.6.0
[debug] [2025-06-11T08:21:16.447Z] Platform:      win32
[debug] [2025-06-11T08:21:16.447Z] Node Version:  v22.16.0
[debug] [2025-06-11T08:21:16.447Z] Time:          Wed Jun 11 2025 17:21:16 GMT+0900 (日本標準時)
[debug] [2025-06-11T08:21:16.448Z] ----------------------------------------------------------------------
[debug] 
[debug] [2025-06-11T08:21:16.617Z] > command requires scopes: ["email","openid","https://www.googleapis.com/auth/cloudplatformprojects.readonly","https://www.googleapis.com/auth/firebase","https://www.googleapis.com/auth/cloud-platform"]
[debug] [2025-06-11T08:21:16.617Z] > authorizing via signed-in user (akito14140099@gmail.com)
[debug] [2025-06-11T08:21:16.617Z] [iam] checking project nukebuy for permissions ["cloudfunctions.functions.create","cloudfunctions.functions.delete","cloudfunctions.functions.get","cloudfunctions.functions.list","cloudfunctions.functions.update","cloudfunctions.operations.get","firebase.projects.get"]
[debug] [2025-06-11T08:21:16.618Z] Checked if tokens are valid: true, expires at: 1749633547461
[debug] [2025-06-11T08:21:16.618Z] Checked if tokens are valid: true, expires at: 1749633547461
[debug] [2025-06-11T08:21:16.619Z] >>> [apiv2][query] POST https://cloudresourcemanager.googleapis.com/v1/projects/nukebuy:testIamPermissions [none]
[debug] [2025-06-11T08:21:16.619Z] >>> [apiv2][(partial)header] POST https://cloudresourcemanager.googleapis.com/v1/projects/nukebuy:testIamPermissions x-goog-quota-user=projects/nukebuy
[debug] [2025-06-11T08:21:16.619Z] >>> [apiv2][body] POST https://cloudresourcemanager.googleapis.com/v1/projects/nukebuy:testIamPermissions {"permissions":["cloudfunctions.functions.create","cloudfunctions.functions.delete","cloudfunctions.functions.get","cloudfunctions.functions.list","cloudfunctions.functions.update","cloudfunctions.operations.get","firebase.projects.get"]}
[debug] [2025-06-11T08:21:17.306Z] <<< [apiv2][status] POST https://cloudresourcemanager.googleapis.com/v1/projects/nukebuy:testIamPermissions 200
[debug] [2025-06-11T08:21:17.307Z] <<< [apiv2][body] POST https://cloudresourcemanager.googleapis.com/v1/projects/nukebuy:testIamPermissions {"permissions":["cloudfunctions.functions.create","cloudfunctions.functions.delete","cloudfunctions.functions.get","cloudfunctions.functions.list","cloudfunctions.functions.update","cloudfunctions.operations.get","firebase.projects.get"]}
[debug] [2025-06-11T08:21:17.307Z] Checked if tokens are valid: true, expires at: 1749633547461
[debug] [2025-06-11T08:21:17.307Z] Checked if tokens are valid: true, expires at: 1749633547461
[debug] [2025-06-11T08:21:17.307Z] >>> [apiv2][query] POST https://iam.googleapis.com/v1/projects/nukebuy/serviceAccounts/nukebuy@appspot.gserviceaccount.com:testIamPermissions [none]
[debug] [2025-06-11T08:21:17.307Z] >>> [apiv2][body] POST https://iam.googleapis.com/v1/projects/nukebuy/serviceAccounts/nukebuy@appspot.gserviceaccount.com:testIamPermissions {"permissions":["iam.serviceAccounts.actAs"]}
[debug] [2025-06-11T08:21:17.562Z] <<< [apiv2][status] POST https://iam.googleapis.com/v1/projects/nukebuy/serviceAccounts/nukebuy@appspot.gserviceaccount.com:testIamPermissions 200
[debug] [2025-06-11T08:21:17.563Z] <<< [apiv2][body] POST https://iam.googleapis.com/v1/projects/nukebuy/serviceAccounts/nukebuy@appspot.gserviceaccount.com:testIamPermissions {"permissions":["iam.serviceAccounts.actAs"]}
[info] 
[info] === Deploying to 'nukebuy'...
[info] 
[info] i  deploying functions 
[debug] [2025-06-11T08:21:17.565Z] Checked if tokens are valid: true, expires at: 1749633547461
[debug] [2025-06-11T08:21:17.565Z] Checked if tokens are valid: true, expires at: 1749633547461
[debug] [2025-06-11T08:21:17.566Z] >>> [apiv2][query] GET https://serviceusage.googleapis.com/v1/projects/nukebuy/services/cloudresourcemanager.googleapis.com [none]
[debug] [2025-06-11T08:21:17.566Z] >>> [apiv2][(partial)header] GET https://serviceusage.googleapis.com/v1/projects/nukebuy/services/cloudresourcemanager.googleapis.com x-goog-quota-user=projects/nukebuy
[debug] [2025-06-11T08:21:18.119Z] <<< [apiv2][status] GET https://serviceusage.googleapis.com/v1/projects/nukebuy/services/cloudresourcemanager.googleapis.com 200
[debug] [2025-06-11T08:21:18.120Z] <<< [apiv2][body] GET https://serviceusage.googleapis.com/v1/projects/nukebuy/services/cloudresourcemanager.googleapis.com [omitted]
[debug] [2025-06-11T08:21:18.120Z] Checked if tokens are valid: true, expires at: 1749633547461
[debug] [2025-06-11T08:21:18.120Z] Checked if tokens are valid: true, expires at: 1749633547461
[debug] [2025-06-11T08:21:18.120Z] >>> [apiv2][query] GET https://cloudresourcemanager.googleapis.com/v1/projects/nukebuy [none]
[debug] [2025-06-11T08:21:18.298Z] <<< [apiv2][status] GET https://cloudresourcemanager.googleapis.com/v1/projects/nukebuy 200
[debug] [2025-06-11T08:21:18.298Z] <<< [apiv2][body] GET https://cloudresourcemanager.googleapis.com/v1/projects/nukebuy {"projectNumber":"1019921068987","projectId":"nukebuy","lifecycleState":"ACTIVE","name":"NUKEBUY","labels":{"firebase":"enabled","firebase-core":"disabled"},"createTime":"2025-06-03T16:07:18.316371Z"}
[info] i  functions: preparing codebase default for deployment 
[info] i  functions: ensuring required API cloudfunctions.googleapis.com is enabled... 
[debug] [2025-06-11T08:21:18.300Z] Checked if tokens are valid: true, expires at: 1749633547461
[debug] [2025-06-11T08:21:18.300Z] Checked if tokens are valid: true, expires at: 1749633547461
[debug] [2025-06-11T08:21:18.300Z] Checked if tokens are valid: true, expires at: 1749633547461
[debug] [2025-06-11T08:21:18.301Z] Checked if tokens are valid: true, expires at: 1749633547461
[info] i  functions: ensuring required API cloudbuild.googleapis.com is enabled... 
[debug] [2025-06-11T08:21:18.301Z] Checked if tokens are valid: true, expires at: 1749633547461
[debug] [2025-06-11T08:21:18.301Z] Checked if tokens are valid: true, expires at: 1749633547461
[info] i  artifactregistry: ensuring required API artifactregistry.googleapis.com is enabled... 
[debug] [2025-06-11T08:21:18.301Z] Checked if tokens are valid: true, expires at: 1749633547461
[debug] [2025-06-11T08:21:18.301Z] Checked if tokens are valid: true, expires at: 1749633547461
[debug] [2025-06-11T08:21:18.301Z] >>> [apiv2][query] GET https://serviceusage.googleapis.com/v1/projects/nukebuy/services/cloudfunctions.googleapis.com [none]
[debug] [2025-06-11T08:21:18.301Z] >>> [apiv2][(partial)header] GET https://serviceusage.googleapis.com/v1/projects/nukebuy/services/cloudfunctions.googleapis.com x-goog-quota-user=projects/nukebuy
[debug] [2025-06-11T08:21:18.302Z] >>> [apiv2][query] GET https://serviceusage.googleapis.com/v1/projects/nukebuy/services/runtimeconfig.googleapis.com [none]
[debug] [2025-06-11T08:21:18.302Z] >>> [apiv2][(partial)header] GET https://serviceusage.googleapis.com/v1/projects/nukebuy/services/runtimeconfig.googleapis.com x-goog-quota-user=projects/nukebuy
[debug] [2025-06-11T08:21:18.303Z] >>> [apiv2][query] GET https://serviceusage.googleapis.com/v1/projects/nukebuy/services/cloudbuild.googleapis.com [none]
[debug] [2025-06-11T08:21:18.303Z] >>> [apiv2][(partial)header] GET https://serviceusage.googleapis.com/v1/projects/nukebuy/services/cloudbuild.googleapis.com x-goog-quota-user=projects/nukebuy
[debug] [2025-06-11T08:21:18.304Z] >>> [apiv2][query] GET https://serviceusage.googleapis.com/v1/projects/nukebuy/services/artifactregistry.googleapis.com [none]
[debug] [2025-06-11T08:21:18.304Z] >>> [apiv2][(partial)header] GET https://serviceusage.googleapis.com/v1/projects/nukebuy/services/artifactregistry.googleapis.com x-goog-quota-user=projects/nukebuy
[debug] [2025-06-11T08:21:18.596Z] <<< [apiv2][status] GET https://serviceusage.googleapis.com/v1/projects/nukebuy/services/cloudfunctions.googleapis.com 200
[debug] [2025-06-11T08:21:18.596Z] <<< [apiv2][body] GET https://serviceusage.googleapis.com/v1/projects/nukebuy/services/cloudfunctions.googleapis.com [omitted]
[info] +  functions: required API cloudfunctions.googleapis.com is enabled 
[debug] [2025-06-11T08:21:19.335Z] <<< [apiv2][status] GET https://serviceusage.googleapis.com/v1/projects/nukebuy/services/cloudbuild.googleapis.com 200
[debug] [2025-06-11T08:21:19.336Z] <<< [apiv2][body] GET https://serviceusage.googleapis.com/v1/projects/nukebuy/services/cloudbuild.googleapis.com [omitted]
[info] +  functions: required API cloudbuild.googleapis.com is enabled 
[debug] [2025-06-11T08:21:19.337Z] <<< [apiv2][status] GET https://serviceusage.googleapis.com/v1/projects/nukebuy/services/runtimeconfig.googleapis.com 200
[debug] [2025-06-11T08:21:19.337Z] <<< [apiv2][body] GET https://serviceusage.googleapis.com/v1/projects/nukebuy/services/runtimeconfig.googleapis.com [omitted]
[debug] [2025-06-11T08:21:19.340Z] <<< [apiv2][status] GET https://serviceusage.googleapis.com/v1/projects/nukebuy/services/artifactregistry.googleapis.com 200
[debug] [2025-06-11T08:21:19.340Z] <<< [apiv2][body] GET https://serviceusage.googleapis.com/v1/projects/nukebuy/services/artifactregistry.googleapis.com [omitted]
[info] +  artifactregistry: required API artifactregistry.googleapis.com is enabled 
[debug] [2025-06-11T08:21:19.340Z] Checked if tokens are valid: true, expires at: 1749633547461
[debug] [2025-06-11T08:21:19.341Z] Checked if tokens are valid: true, expires at: 1749633547461
[debug] [2025-06-11T08:21:19.341Z] >>> [apiv2][query] GET https://firebase.googleapis.com/v1beta1/projects/nukebuy/adminSdkConfig [none]
[debug] [2025-06-11T08:21:19.699Z] <<< [apiv2][status] GET https://firebase.googleapis.com/v1beta1/projects/nukebuy/adminSdkConfig 200
[debug] [2025-06-11T08:21:19.699Z] <<< [apiv2][body] GET https://firebase.googleapis.com/v1beta1/projects/nukebuy/adminSdkConfig {"projectId":"nukebuy","storageBucket":"nukebuy.firebasestorage.app"}
[debug] [2025-06-11T08:21:19.700Z] Checked if tokens are valid: true, expires at: 1749633547461
[debug] [2025-06-11T08:21:19.700Z] Checked if tokens are valid: true, expires at: 1749633547461
[debug] [2025-06-11T08:21:19.700Z] >>> [apiv2][query] GET https://runtimeconfig.googleapis.com/v1beta1/projects/nukebuy/configs [none]
[debug] [2025-06-11T08:21:20.028Z] <<< [apiv2][status] GET https://runtimeconfig.googleapis.com/v1beta1/projects/nukebuy/configs 200
[debug] [2025-06-11T08:21:20.028Z] <<< [apiv2][body] GET https://runtimeconfig.googleapis.com/v1beta1/projects/nukebuy/configs {}
[debug] [2025-06-11T08:21:20.031Z] Validating nodejs source
[debug] [2025-06-11T08:21:20.557Z] > [functions] package.json contents: {
  "name": "functions",
  "description": "Cloud Functions for Firebase",
  "scripts": {
    "lint": "eslint .",
    "serve": "firebase emulators:start --only functions",
    "shell": "firebase functions:shell",
    "start": "npm run shell",
    "deploy": "firebase deploy --only functions",
    "logs": "firebase functions:log"
  },
  "engines": {
    "node": "22"
  },
  "main": "index.js",
  "dependencies": {
    "cors": "^2.8.5",
    "firebase-admin": "^12.7.0",
    "firebase-functions": "^6.0.1",
    "stripe": "^18.2.1"
  },
  "devDependencies": {
    "eslint": "^8.15.0",
    "eslint-config-google": "^0.14.0",
    "firebase-functions-test": "^3.1.0"
  },
  "private": true
}
[debug] [2025-06-11T08:21:20.557Z] Building nodejs source
[info] i  functions: Loading and analyzing source code for codebase default to determine what to deploy 
[debug] [2025-06-11T08:21:20.558Z] Could not find functions.yaml. Must use http discovery
[debug] [2025-06-11T08:21:20.565Z] Found firebase-functions binary at 'C:\Users\jimem\nukebai\functions\node_modules\.bin\firebase-functions'
[info] Serving at port 8898

[debug] [2025-06-11T08:21:20.998Z] Got response from /__/functions.yaml {"endpoints":{"helloWorld":{"availableMemoryMb":null,"timeoutSeconds":null,"minInstances":null,"maxInstances":null,"ingressSettings":null,"concurrency":null,"serviceAccountEmail":null,"vpc":null,"platform":"gcfv2","labels":{},"httpsTrigger":{},"entryPoint":"helloWorld"}},"specVersion":"v1alpha1","requiredAPIs":[],"extensions":{}}
[info] i  extensions: ensuring required API firebaseextensions.googleapis.com is enabled... 
[debug] [2025-06-11T08:21:25.022Z] Checked if tokens are valid: true, expires at: 1749633547461
[debug] [2025-06-11T08:21:25.022Z] Checked if tokens are valid: true, expires at: 1749633547461
[debug] [2025-06-11T08:21:25.022Z] >>> [apiv2][query] GET https://serviceusage.googleapis.com/v1/projects/nukebuy/services/firebaseextensions.googleapis.com [none]
[debug] [2025-06-11T08:21:25.022Z] >>> [apiv2][(partial)header] GET https://serviceusage.googleapis.com/v1/projects/nukebuy/services/firebaseextensions.googleapis.com x-goog-quota-user=projects/nukebuy
[debug] [2025-06-11T08:21:26.034Z] <<< [apiv2][status] GET https://serviceusage.googleapis.com/v1/projects/nukebuy/services/firebaseextensions.googleapis.com 200
[debug] [2025-06-11T08:21:26.034Z] <<< [apiv2][body] GET https://serviceusage.googleapis.com/v1/projects/nukebuy/services/firebaseextensions.googleapis.com [omitted]
[info] +  extensions: required API firebaseextensions.googleapis.com is enabled 
[debug] [2025-06-11T08:21:26.034Z] > command requires scopes: ["email","openid","https://www.googleapis.com/auth/cloudplatformprojects.readonly","https://www.googleapis.com/auth/firebase","https://www.googleapis.com/auth/cloud-platform"]
[debug] [2025-06-11T08:21:26.035Z] > authorizing via signed-in user (akito14140099@gmail.com)
[debug] [2025-06-11T08:21:26.035Z] [iam] checking project nukebuy for permissions ["firebase.projects.get","firebaseextensions.instances.list"]
[debug] [2025-06-11T08:21:26.035Z] Checked if tokens are valid: true, expires at: 1749633547461
[debug] [2025-06-11T08:21:26.035Z] Checked if tokens are valid: true, expires at: 1749633547461
[debug] [2025-06-11T08:21:26.035Z] >>> [apiv2][query] POST https://cloudresourcemanager.googleapis.com/v1/projects/nukebuy:testIamPermissions [none]
[debug] [2025-06-11T08:21:26.035Z] >>> [apiv2][(partial)header] POST https://cloudresourcemanager.googleapis.com/v1/projects/nukebuy:testIamPermissions x-goog-quota-user=projects/nukebuy
[debug] [2025-06-11T08:21:26.035Z] >>> [apiv2][body] POST https://cloudresourcemanager.googleapis.com/v1/projects/nukebuy:testIamPermissions {"permissions":["firebase.projects.get","firebaseextensions.instances.list"]}
[debug] [2025-06-11T08:21:26.679Z] <<< [apiv2][status] POST https://cloudresourcemanager.googleapis.com/v1/projects/nukebuy:testIamPermissions 200
[debug] [2025-06-11T08:21:26.679Z] <<< [apiv2][body] POST https://cloudresourcemanager.googleapis.com/v1/projects/nukebuy:testIamPermissions {"permissions":["firebase.projects.get","firebaseextensions.instances.list"]}
[debug] [2025-06-11T08:21:26.679Z] Checked if tokens are valid: true, expires at: 1749633547461
[debug] [2025-06-11T08:21:26.679Z] Checked if tokens are valid: true, expires at: 1749633547461
[debug] [2025-06-11T08:21:26.679Z] >>> [apiv2][query] GET https://firebaseextensions.googleapis.com/v1beta/projects/nukebuy/instances pageSize=100&pageToken=
[debug] [2025-06-11T08:21:27.522Z] <<< [apiv2][status] GET https://firebaseextensions.googleapis.com/v1beta/projects/nukebuy/instances 200
[debug] [2025-06-11T08:21:27.522Z] <<< [apiv2][body] GET https://firebaseextensions.googleapis.com/v1beta/projects/nukebuy/instances {}
[info] i  functions: preparing functions directory for uploading... 
[info] i  functions: packaged C:\Users\jimem\nukebai\functions (76.78 KB) for uploading 
[debug] [2025-06-11T08:21:27.556Z] Checked if tokens are valid: true, expires at: 1749633547461
[debug] [2025-06-11T08:21:27.556Z] Checked if tokens are valid: true, expires at: 1749633547461
[debug] [2025-06-11T08:21:27.556Z] >>> [apiv2][query] GET https://cloudfunctions.googleapis.com/v1/projects/nukebuy/locations/-/functions [none]
[debug] [2025-06-11T08:21:28.402Z] <<< [apiv2][status] GET https://cloudfunctions.googleapis.com/v1/projects/nukebuy/locations/-/functions 200
[debug] [2025-06-11T08:21:28.402Z] <<< [apiv2][body] GET https://cloudfunctions.googleapis.com/v1/projects/nukebuy/locations/-/functions {}
[debug] [2025-06-11T08:21:28.403Z] Checked if tokens are valid: true, expires at: 1749633547461
[debug] [2025-06-11T08:21:28.403Z] Checked if tokens are valid: true, expires at: 1749633547461
[debug] [2025-06-11T08:21:28.403Z] >>> [apiv2][query] GET https://cloudfunctions.googleapis.com/v2/projects/nukebuy/locations/-/functions filter=environment%3D%22GEN_2%22
[debug] [2025-06-11T08:21:29.770Z] <<< [apiv2][status] GET https://cloudfunctions.googleapis.com/v2/projects/nukebuy/locations/-/functions 200
[debug] [2025-06-11T08:21:29.770Z] <<< [apiv2][body] GET https://cloudfunctions.googleapis.com/v2/projects/nukebuy/locations/-/functions {}
[info] i  functions: ensuring required API run.googleapis.com is enabled... 
[debug] [2025-06-11T08:21:29.773Z] Checked if tokens are valid: true, expires at: 1749633547461
[debug] [2025-06-11T08:21:29.773Z] Checked if tokens are valid: true, expires at: 1749633547461
[info] i  functions: ensuring required API eventarc.googleapis.com is enabled... 
[debug] [2025-06-11T08:21:29.773Z] Checked if tokens are valid: true, expires at: 1749633547461
[debug] [2025-06-11T08:21:29.773Z] Checked if tokens are valid: true, expires at: 1749633547461
[info] i  functions: ensuring required API pubsub.googleapis.com is enabled... 
[debug] [2025-06-11T08:21:29.774Z] Checked if tokens are valid: true, expires at: 1749633547461
[debug] [2025-06-11T08:21:29.774Z] Checked if tokens are valid: true, expires at: 1749633547461
[info] i  functions: ensuring required API storage.googleapis.com is enabled... 
[debug] [2025-06-11T08:21:29.774Z] Checked if tokens are valid: true, expires at: 1749633547461
[debug] [2025-06-11T08:21:29.774Z] Checked if tokens are valid: true, expires at: 1749633547461
[debug] [2025-06-11T08:21:29.774Z] >>> [apiv2][query] GET https://serviceusage.googleapis.com/v1/projects/1019921068987/services/run.googleapis.com [none]
[debug] [2025-06-11T08:21:29.774Z] >>> [apiv2][(partial)header] GET https://serviceusage.googleapis.com/v1/projects/1019921068987/services/run.googleapis.com x-goog-quota-user=projects/1019921068987
[debug] [2025-06-11T08:21:29.775Z] >>> [apiv2][query] GET https://serviceusage.googleapis.com/v1/projects/1019921068987/services/eventarc.googleapis.com [none]
[debug] [2025-06-11T08:21:29.775Z] >>> [apiv2][(partial)header] GET https://serviceusage.googleapis.com/v1/projects/1019921068987/services/eventarc.googleapis.com x-goog-quota-user=projects/1019921068987
[debug] [2025-06-11T08:21:29.776Z] >>> [apiv2][query] GET https://serviceusage.googleapis.com/v1/projects/1019921068987/services/pubsub.googleapis.com [none]
[debug] [2025-06-11T08:21:29.776Z] >>> [apiv2][(partial)header] GET https://serviceusage.googleapis.com/v1/projects/1019921068987/services/pubsub.googleapis.com x-goog-quota-user=projects/1019921068987
[debug] [2025-06-11T08:21:29.778Z] >>> [apiv2][query] GET https://serviceusage.googleapis.com/v1/projects/1019921068987/services/storage.googleapis.com [none]
[debug] [2025-06-11T08:21:29.778Z] >>> [apiv2][(partial)header] GET https://serviceusage.googleapis.com/v1/projects/1019921068987/services/storage.googleapis.com x-goog-quota-user=projects/1019921068987
[debug] [2025-06-11T08:21:30.056Z] <<< [apiv2][status] GET https://serviceusage.googleapis.com/v1/projects/1019921068987/services/run.googleapis.com 200
[debug] [2025-06-11T08:21:30.056Z] <<< [apiv2][body] GET https://serviceusage.googleapis.com/v1/projects/1019921068987/services/run.googleapis.com [omitted]
[info] +  functions: required API run.googleapis.com is enabled 
[debug] [2025-06-11T08:21:30.110Z] <<< [apiv2][status] GET https://serviceusage.googleapis.com/v1/projects/1019921068987/services/eventarc.googleapis.com 200
[debug] [2025-06-11T08:21:30.111Z] <<< [apiv2][body] GET https://serviceusage.googleapis.com/v1/projects/1019921068987/services/eventarc.googleapis.com [omitted]
[warn] !  functions: missing required API eventarc.googleapis.com. Enabling now... 
[debug] [2025-06-11T08:21:30.112Z] Checked if tokens are valid: true, expires at: 1749633547461
[debug] [2025-06-11T08:21:30.112Z] Checked if tokens are valid: true, expires at: 1749633547461
[debug] [2025-06-11T08:21:30.112Z] >>> [apiv2][query] POST https://serviceusage.googleapis.com/v1/projects/1019921068987/services/eventarc.googleapis.com:enable [none]
[debug] [2025-06-11T08:21:30.112Z] >>> [apiv2][(partial)header] POST https://serviceusage.googleapis.com/v1/projects/1019921068987/services/eventarc.googleapis.com:enable x-goog-quota-user=projects/1019921068987
[debug] [2025-06-11T08:21:30.120Z] <<< [apiv2][status] GET https://serviceusage.googleapis.com/v1/projects/1019921068987/services/storage.googleapis.com 200
[debug] [2025-06-11T08:21:30.120Z] <<< [apiv2][body] GET https://serviceusage.googleapis.com/v1/projects/1019921068987/services/storage.googleapis.com [omitted]
[info] +  functions: required API storage.googleapis.com is enabled 
[debug] [2025-06-11T08:21:30.512Z] <<< [apiv2][status] POST https://serviceusage.googleapis.com/v1/projects/1019921068987/services/eventarc.googleapis.com:enable 200
[debug] [2025-06-11T08:21:30.512Z] <<< [apiv2][body] POST https://serviceusage.googleapis.com/v1/projects/1019921068987/services/eventarc.googleapis.com:enable [omitted]
[debug] [2025-06-11T08:21:30.803Z] <<< [apiv2][status] GET https://serviceusage.googleapis.com/v1/projects/1019921068987/services/pubsub.googleapis.com 200
[debug] [2025-06-11T08:21:30.804Z] <<< [apiv2][body] GET https://serviceusage.googleapis.com/v1/projects/1019921068987/services/pubsub.googleapis.com [omitted]
[info] +  functions: required API pubsub.googleapis.com is enabled 
[debug] [2025-06-11T08:21:40.520Z] Checked if tokens are valid: true, expires at: 1749633547461
[debug] [2025-06-11T08:21:40.520Z] Checked if tokens are valid: true, expires at: 1749633547461
[debug] [2025-06-11T08:21:40.520Z] >>> [apiv2][query] GET https://serviceusage.googleapis.com/v1/projects/1019921068987/services/eventarc.googleapis.com [none]
[debug] [2025-06-11T08:21:40.520Z] >>> [apiv2][(partial)header] GET https://serviceusage.googleapis.com/v1/projects/1019921068987/services/eventarc.googleapis.com x-goog-quota-user=projects/1019921068987
[debug] [2025-06-11T08:21:41.534Z] <<< [apiv2][status] GET https://serviceusage.googleapis.com/v1/projects/1019921068987/services/eventarc.googleapis.com 200
[debug] [2025-06-11T08:21:41.534Z] <<< [apiv2][body] GET https://serviceusage.googleapis.com/v1/projects/1019921068987/services/eventarc.googleapis.com [omitted]
[info] +  functions: required API eventarc.googleapis.com is enabled 
[info] i  functions: generating the service identity for pubsub.googleapis.com... 
[debug] [2025-06-11T08:21:41.535Z] Checked if tokens are valid: true, expires at: 1749633547461
[debug] [2025-06-11T08:21:41.535Z] Checked if tokens are valid: true, expires at: 1749633547461
[info] i  functions: generating the service identity for eventarc.googleapis.com... 
[debug] [2025-06-11T08:21:41.535Z] Checked if tokens are valid: true, expires at: 1749633547461
[debug] [2025-06-11T08:21:41.535Z] Checked if tokens are valid: true, expires at: 1749633547461
[debug] [2025-06-11T08:21:41.535Z] >>> [apiv2][query] POST https://serviceusage.googleapis.com/v1beta1/projects/1019921068987/services/pubsub.googleapis.com:generateServiceIdentity [none]
[debug] [2025-06-11T08:21:41.535Z] >>> [apiv2][query] POST https://serviceusage.googleapis.com/v1beta1/projects/1019921068987/services/eventarc.googleapis.com:generateServiceIdentity [none]
[debug] [2025-06-11T08:21:42.274Z] <<< [apiv2][status] POST https://serviceusage.googleapis.com/v1beta1/projects/1019921068987/services/pubsub.googleapis.com:generateServiceIdentity 200
[debug] [2025-06-11T08:21:42.274Z] <<< [apiv2][body] POST https://serviceusage.googleapis.com/v1beta1/projects/1019921068987/services/pubsub.googleapis.com:generateServiceIdentity {"name":"operations/finished.DONE_OPERATION","done":true,"response":{"@type":"type.googleapis.com/google.api.serviceusage.v1beta1.ServiceIdentity","email":"service-1019921068987@gcp-sa-pubsub.iam.gserviceaccount.com","uniqueId":"111172803447724334453"}}
[debug] [2025-06-11T08:21:42.750Z] <<< [apiv2][status] POST https://serviceusage.googleapis.com/v1beta1/projects/1019921068987/services/eventarc.googleapis.com:generateServiceIdentity 200
[debug] [2025-06-11T08:21:42.750Z] <<< [apiv2][body] POST https://serviceusage.googleapis.com/v1beta1/projects/1019921068987/services/eventarc.googleapis.com:generateServiceIdentity {"name":"operations/finished.DONE_OPERATION","done":true,"response":{"@type":"type.googleapis.com/google.api.serviceusage.v1beta1.ServiceIdentity","email":"service-1019921068987@gcp-sa-eventarc.iam.gserviceaccount.com","uniqueId":"102283571201747235041"}}
[debug] [2025-06-11T08:21:42.754Z] Checked if tokens are valid: true, expires at: 1749633547461
[debug] [2025-06-11T08:21:42.754Z] Checked if tokens are valid: true, expires at: 1749633547461
[debug] [2025-06-11T08:21:42.754Z] >>> [apiv2][query] GET https://serviceusage.googleapis.com/v1/projects/nukebuy/services/cloudresourcemanager.googleapis.com [none]
[debug] [2025-06-11T08:21:42.754Z] >>> [apiv2][(partial)header] GET https://serviceusage.googleapis.com/v1/projects/nukebuy/services/cloudresourcemanager.googleapis.com x-goog-quota-user=projects/nukebuy
[debug] [2025-06-11T08:21:43.056Z] <<< [apiv2][status] GET https://serviceusage.googleapis.com/v1/projects/nukebuy/services/cloudresourcemanager.googleapis.com 200
[debug] [2025-06-11T08:21:43.056Z] <<< [apiv2][body] GET https://serviceusage.googleapis.com/v1/projects/nukebuy/services/cloudresourcemanager.googleapis.com [omitted]
[debug] [2025-06-11T08:21:43.057Z] Checked if tokens are valid: true, expires at: 1749633547461
[debug] [2025-06-11T08:21:43.057Z] Checked if tokens are valid: true, expires at: 1749633547461
[debug] [2025-06-11T08:21:43.057Z] >>> [apiv2][query] GET https://cloudresourcemanager.googleapis.com/v1/projects/nukebuy [none]
[debug] [2025-06-11T08:21:43.730Z] <<< [apiv2][status] GET https://cloudresourcemanager.googleapis.com/v1/projects/nukebuy 200
[debug] [2025-06-11T08:21:43.730Z] <<< [apiv2][body] GET https://cloudresourcemanager.googleapis.com/v1/projects/nukebuy {"projectNumber":"1019921068987","projectId":"nukebuy","lifecycleState":"ACTIVE","name":"NUKEBUY","labels":{"firebase":"enabled","firebase-core":"disabled"},"createTime":"2025-06-03T16:07:18.316371Z"}
[debug] [2025-06-11T08:21:43.730Z] Checked if tokens are valid: true, expires at: 1749633547461
[debug] [2025-06-11T08:21:43.730Z] Checked if tokens are valid: true, expires at: 1749633547461
[debug] [2025-06-11T08:21:43.730Z] >>> [apiv2][query] GET https://compute.googleapis.com/compute/v1/projects/1019921068987 [none]
[debug] [2025-06-11T08:21:44.067Z] <<< [apiv2][status] GET https://compute.googleapis.com/compute/v1/projects/1019921068987 403
[debug] [2025-06-11T08:21:44.067Z] <<< [apiv2][body] GET https://compute.googleapis.com/compute/v1/projects/1019921068987 {"error":{"code":403,"message":"Compute Engine API has not been used in project 1019921068987 before or it is disabled. Enable it by visiting https://console.developers.google.com/apis/api/compute.googleapis.com/overview?project=1019921068987 then retry. If you enabled this API recently, wait a few minutes for the action to propagate to our systems and retry.","errors":[{"message":"Compute Engine API has not been used in project 1019921068987 before or it is disabled. Enable it by visiting https://console.developers.google.com/apis/api/compute.googleapis.com/overview?project=1019921068987 then retry. If you enabled this API recently, wait a few minutes for the action to propagate to our systems and retry.","domain":"usageLimits","reason":"accessNotConfigured","extendedHelp":"https://console.developers.google.com"}],"status":"PERMISSION_DENIED","details":[{"@type":"type.googleapis.com/google.rpc.ErrorInfo","reason":"SERVICE_DISABLED","domain":"googleapis.com","metadata":{"activationUrl":"https://console.developers.google.com/apis/api/compute.googleapis.com/overview?project=1019921068987","containerInfo":"1019921068987","consumer":"projects/1019921068987","service":"compute.googleapis.com","serviceTitle":"Compute Engine API"}},{"@type":"type.googleapis.com/google.rpc.LocalizedMessage","locale":"en-US","message":"Compute Engine API has not been used in project 1019921068987 before or it is disabled. Enable it by visiting https://console.developers.google.com/apis/api/compute.googleapis.com/overview?project=1019921068987 then retry. If you enabled this API recently, wait a few minutes for the action to propagate to our systems and retry."},{"@type":"type.googleapis.com/google.rpc.Help","links":[{"description":"Google developers console API activation","url":"https://console.developers.google.com/apis/api/compute.googleapis.com/overview?project=1019921068987"}]}]}}
[debug] [2025-06-11T08:21:44.068Z] unable to look up default compute service account. Falling back to 1019921068987-compute@developer.gserviceaccount.com. Error: {"name":"FirebaseError","children":[],"context":{"body":{"error":{"code":403,"message":"Compute Engine API has not been used in project 1019921068987 before or it is disabled. Enable it by visiting https://console.developers.google.com/apis/api/compute.googleapis.com/overview?project=1019921068987 then retry. If you enabled this API recently, wait a few minutes for the action to propagate to our systems and retry.","errors":[{"message":"Compute Engine API has not been used in project 1019921068987 before or it is disabled. Enable it by visiting https://console.developers.google.com/apis/api/compute.googleapis.com/overview?project=1019921068987 then retry. If you enabled this API recently, wait a few minutes for the action to propagate to our systems and retry.","domain":"usageLimits","reason":"accessNotConfigured","extendedHelp":"https://console.developers.google.com"}],"status":"PERMISSION_DENIED","details":[{"@type":"type.googleapis.com/google.rpc.ErrorInfo","reason":"SERVICE_DISABLED","domain":"googleapis.com","metadata":{"activationUrl":"https://console.developers.google.com/apis/api/compute.googleapis.com/overview?project=1019921068987","containerInfo":"1019921068987","consumer":"projects/1019921068987","service":"compute.googleapis.com","serviceTitle":"Compute Engine API"}},{"@type":"type.googleapis.com/google.rpc.LocalizedMessage","locale":"en-US","message":"Compute Engine API has not been used in project 1019921068987 before or it is disabled. Enable it by visiting https://console.developers.google.com/apis/api/compute.googleapis.com/overview?project=1019921068987 then retry. If you enabled this API recently, wait a few minutes for the action to propagate to our systems and retry."},{"@type":"type.googleapis.com/google.rpc.Help","links":[{"description":"Google developers console API activation","url":"https://console.developers.google.com/apis/api/compute.googleapis.com/overview?project=1019921068987"}]}]}},"response":{"statusCode":403}},"exit":1,"message":"Request to https://compute.googleapis.com/compute/v1/projects/1019921068987 had HTTP Error: 403, Compute Engine API has not been used in project 1019921068987 before or it is disabled. Enable it by visiting https://console.developers.google.com/apis/api/compute.googleapis.com/overview?project=1019921068987 then retry. If you enabled this API recently, wait a few minutes for the action to propagate to our systems and retry.","status":403}
[debug] [2025-06-11T08:21:44.068Z] Checked if tokens are valid: true, expires at: 1749633547461
[debug] [2025-06-11T08:21:44.068Z] Checked if tokens are valid: true, expires at: 1749633547461
[debug] [2025-06-11T08:21:44.068Z] >>> [apiv2][query] GET https://cloudbilling.googleapis.com/v1/projects/nukebuy/billingInfo [none]
[debug] [2025-06-11T08:21:45.184Z] <<< [apiv2][status] GET https://cloudbilling.googleapis.com/v1/projects/nukebuy/billingInfo 200
[debug] [2025-06-11T08:21:45.184Z] <<< [apiv2][body] GET https://cloudbilling.googleapis.com/v1/projects/nukebuy/billingInfo {"name":"projects/nukebuy/billingInfo","projectId":"nukebuy","billingAccountName":"billingAccounts/0133DC-358AF5-7F092D","billingEnabled":true}
[debug] [2025-06-11T08:21:45.186Z] [functions] found 1 new HTTP functions, testing setIamPolicy permission...
[debug] [2025-06-11T08:21:45.186Z] Checked if tokens are valid: true, expires at: 1749633547461
[debug] [2025-06-11T08:21:45.186Z] Checked if tokens are valid: true, expires at: 1749633547461
[debug] [2025-06-11T08:21:45.187Z] >>> [apiv2][query] POST https://cloudresourcemanager.googleapis.com/v1/projects/nukebuy:testIamPermissions [none]
[debug] [2025-06-11T08:21:45.187Z] >>> [apiv2][(partial)header] POST https://cloudresourcemanager.googleapis.com/v1/projects/nukebuy:testIamPermissions x-goog-quota-user=projects/nukebuy
[debug] [2025-06-11T08:21:45.187Z] >>> [apiv2][body] POST https://cloudresourcemanager.googleapis.com/v1/projects/nukebuy:testIamPermissions {"permissions":["cloudfunctions.functions.setIamPolicy"]}
[debug] [2025-06-11T08:21:45.330Z] <<< [apiv2][status] POST https://cloudresourcemanager.googleapis.com/v1/projects/nukebuy:testIamPermissions 200
[debug] [2025-06-11T08:21:45.330Z] <<< [apiv2][body] POST https://cloudresourcemanager.googleapis.com/v1/projects/nukebuy:testIamPermissions {"permissions":["cloudfunctions.functions.setIamPolicy"]}
[debug] [2025-06-11T08:21:45.331Z] [functions] found setIamPolicy permission, proceeding with deploy
[debug] [2025-06-11T08:21:45.331Z] Checked if tokens are valid: true, expires at: 1749633547461
[debug] [2025-06-11T08:21:45.331Z] Checked if tokens are valid: true, expires at: 1749633547461
[debug] [2025-06-11T08:21:45.331Z] >>> [apiv2][query] POST https://cloudfunctions.googleapis.com/v2/projects/nukebuy/locations/us-central1/functions:generateUploadUrl [none]
[debug] [2025-06-11T08:21:47.122Z] <<< [apiv2][status] POST https://cloudfunctions.googleapis.com/v2/projects/nukebuy/locations/us-central1/functions:generateUploadUrl 200
[debug] [2025-06-11T08:21:47.122Z] <<< [apiv2][body] POST https://cloudfunctions.googleapis.com/v2/projects/nukebuy/locations/us-central1/functions:generateUploadUrl {"uploadUrl":"https://storage.googleapis.com/gcf-v2-uploads-1019921068987.us-central1.cloudfunctions.appspot.com/21e6fc33-4332-4c1f-a21d-7a9b453da03e.zip?GoogleAccessId=service-1019921068987@gcf-admin-robot.iam.gserviceaccount.com&Expires=1749631907&Signature=VhWgiXeQ4xTCxx6jp0k3c2NpdluPMHMEAtXeg0oo2hx2Q380u0CWpbe8hwF54%2Bm7bT5j37XZIEOySEqO5AlmPVUFRAG7bWoA%2BRKRE7o1%2FoVpJy%2Ftfm6gZKAsCaZJmqiPdr6Xf86GSyG47%2F9zVGsPOzwieA0xRbgj9t%2Bc3bZB5AcfH6NLf5OB%2B%2BY4QTPl5LM%2BJ79m%2B5huK2IRnaTbT9H0un%2BR5aIyZuHwHaeB5CaWytI3rAfs5iTNf717Jba1ocaXfEujtEQfdxTibLHYJ875rXoUHog3gzsbWFq931sg3p4JLn9MXdexD4d%2FBKNCYWb%2Bb%2FZiiqPohVZyTV8b02gSmg%3D%3D","storageSource":{"bucket":"gcf-v2-uploads-1019921068987.us-central1.cloudfunctions.appspot.com","object":"21e6fc33-4332-4c1f-a21d-7a9b453da03e.zip"}}
[debug] [2025-06-11T08:21:47.123Z] >>> [apiv2][query] PUT https://storage.googleapis.com/gcf-v2-uploads-1019921068987.us-central1.cloudfunctions.appspot.com/21e6fc33-4332-4c1f-a21d-7a9b453da03e.zip GoogleAccessId=service-1019921068987%40gcf-admin-robot.iam.gserviceaccount.com&Expires=1749631907&Signature=VhWgiXeQ4xTCxx6jp0k3c2NpdluPMHMEAtXeg0oo2hx2Q380u0CWpbe8hwF54%2Bm7bT5j37XZIEOySEqO5AlmPVUFRAG7bWoA%2BRKRE7o1%2FoVpJy%2Ftfm6gZKAsCaZJmqiPdr6Xf86GSyG47%2F9zVGsPOzwieA0xRbgj9t%2Bc3bZB5AcfH6NLf5OB%2B%2BY4QTPl5LM%2BJ79m%2B5huK2IRnaTbT9H0un%2BR5aIyZuHwHaeB5CaWytI3rAfs5iTNf717Jba1ocaXfEujtEQfdxTibLHYJ875rXoUHog3gzsbWFq931sg3p4JLn9MXdexD4d%2FBKNCYWb%2Bb%2FZiiqPohVZyTV8b02gSmg%3D%3D
[debug] [2025-06-11T08:21:47.123Z] >>> [apiv2][body] PUT https://storage.googleapis.com/gcf-v2-uploads-1019921068987.us-central1.cloudfunctions.appspot.com/21e6fc33-4332-4c1f-a21d-7a9b453da03e.zip [stream]
[debug] [2025-06-11T08:21:47.787Z] <<< [apiv2][status] PUT https://storage.googleapis.com/gcf-v2-uploads-1019921068987.us-central1.cloudfunctions.appspot.com/21e6fc33-4332-4c1f-a21d-7a9b453da03e.zip 200
[debug] [2025-06-11T08:21:47.787Z] <<< [apiv2][body] PUT https://storage.googleapis.com/gcf-v2-uploads-1019921068987.us-central1.cloudfunctions.appspot.com/21e6fc33-4332-4c1f-a21d-7a9b453da03e.zip [omitted]
[info] +  functions: functions folder uploaded successfully 
[info] i  functions: creating Node.js 22 (2nd Gen) function helloWorld(us-central1)... 
[debug] [2025-06-11T08:21:47.795Z] Checked if tokens are valid: true, expires at: 1749633547461
[debug] [2025-06-11T08:21:47.796Z] Checked if tokens are valid: true, expires at: 1749633547461
[debug] [2025-06-11T08:21:47.796Z] >>> [apiv2][query] POST https://cloudfunctions.googleapis.com/v2/projects/nukebuy/locations/us-central1/functions functionId=helloWorld
[debug] [2025-06-11T08:21:47.796Z] >>> [apiv2][body] POST https://cloudfunctions.googleapis.com/v2/projects/nukebuy/locations/us-central1/functions {"name":"projects/nukebuy/locations/us-central1/functions/helloWorld","buildConfig":{"runtime":"nodejs22","entryPoint":"helloWorld","source":{"storageSource":{"bucket":"gcf-v2-uploads-1019921068987.us-central1.cloudfunctions.appspot.com","object":"21e6fc33-4332-4c1f-a21d-7a9b453da03e.zip"}},"environmentVariables":{"GOOGLE_NODE_RUN_SCRIPTS":""}},"serviceConfig":{"environmentVariables":{"FIREBASE_CONFIG":"{\"projectId\":\"nukebuy\",\"storageBucket\":\"nukebuy.firebasestorage.app\"}","GCLOUD_PROJECT":"nukebuy","EVENTARC_CLOUD_EVENT_SOURCE":"projects/nukebuy/locations/us-central1/services/helloWorld","FUNCTION_TARGET":"helloWorld","LOG_EXECUTION_ID":"true"},"ingressSettings":null,"timeoutSeconds":null,"serviceAccountEmail":null,"availableMemory":"256Mi","minInstanceCount":null,"maxInstanceCount":null,"maxInstanceRequestConcurrency":80,"availableCpu":"1","vpcConnector":null,"vpcConnectorEgressSettings":null},"labels":{"deployment-tool":"cli-firebase","firebase-functions-hash":"ef8f7cc326b1631b09f64d363af4fdcf7e39aa6d"}}
[debug] [2025-06-11T08:21:49.733Z] <<< [apiv2][status] POST https://cloudfunctions.googleapis.com/v2/projects/nukebuy/locations/us-central1/functions 200
[debug] [2025-06-11T08:21:49.733Z] <<< [apiv2][body] POST https://cloudfunctions.googleapis.com/v2/projects/nukebuy/locations/us-central1/functions {"name":"projects/nukebuy/locations/us-central1/operations/operation-1749630109644-63747812c7608-388f071c-a79c0b40","metadata":{"@type":"type.googleapis.com/google.cloud.functions.v2.OperationMetadata","createTime":"2025-06-11T08:21:50.535140723Z","target":"projects/nukebuy/locations/us-central1/functions/helloWorld","verb":"create","cancelRequested":false,"apiVersion":"v2"},"done":false}
[debug] [2025-06-11T08:21:49.734Z] Checked if tokens are valid: true, expires at: 1749633547461
[debug] [2025-06-11T08:21:49.734Z] Checked if tokens are valid: true, expires at: 1749633547461
[debug] [2025-06-11T08:21:49.734Z] >>> [apiv2][query] GET https://cloudfunctions.googleapis.com/v2/projects/nukebuy/locations/us-central1/operations/operation-1749630109644-63747812c7608-388f071c-a79c0b40 [none]
[debug] [2025-06-11T08:21:50.780Z] <<< [apiv2][status] GET https://cloudfunctions.googleapis.com/v2/projects/nukebuy/locations/us-central1/operations/operation-1749630109644-63747812c7608-388f071c-a79c0b40 200
[debug] [2025-06-11T08:21:50.780Z] <<< [apiv2][body] GET https://cloudfunctions.googleapis.com/v2/projects/nukebuy/locations/us-central1/operations/operation-1749630109644-63747812c7608-388f071c-a79c0b40 {"name":"projects/nukebuy/locations/us-central1/operations/operation-1749630109644-63747812c7608-388f071c-a79c0b40","metadata":{"@type":"type.googleapis.com/google.cloud.functions.v2.OperationMetadata","createTime":"2025-06-11T08:21:50.535140723Z","target":"projects/nukebuy/locations/us-central1/functions/helloWorld","verb":"create","cancelRequested":false,"apiVersion":"v2","requestResource":{"@type":"type.googleapis.com/google.cloud.functions.v2.Function","name":"projects/nukebuy/locations/us-central1/functions/helloWorld","buildConfig":{"runtime":"nodejs22","entryPoint":"helloWorld","source":{"storageSource":{"bucket":"gcf-v2-sources-1019921068987-us-central1","object":"helloWorld/function-source.zip","generation":"1749630110273993"}},"environmentVariables":{"GOOGLE_NODE_RUN_SCRIPTS":""},"serviceAccount":"projects/nukebuy/serviceAccounts/1019921068987-compute@developer.gserviceaccount.com","automaticUpdatePolicy":{}},"serviceConfig":{"service":"projects/nukebuy/locations/us-central1/services/helloworld","timeoutSeconds":60,"environmentVariables":{"FIREBASE_CONFIG":"{\"projectId\":\"nukebuy\",\"storageBucket\":\"nukebuy.firebasestorage.app\"}","GCLOUD_PROJECT":"nukebuy","EVENTARC_CLOUD_EVENT_SOURCE":"projects/nukebuy/locations/us-central1/services/helloWorld","FUNCTION_TARGET":"helloWorld","LOG_EXECUTION_ID":"true"},"ingressSettings":"ALLOW_ALL","serviceAccountEmail":"1019921068987-compute@developer.gserviceaccount.com","availableMemory":"256Mi","maxInstanceRequestConcurrency":80,"availableCpu":"1"},"labels":{"deployment-tool":"cli-firebase","firebase-functions-hash":"ef8f7cc326b1631b09f64d363af4fdcf7e39aa6d"},"environment":"GEN_2"},"stages":[{"name":"BUILD","message":"Creating build","state":"IN_PROGRESS","resource":"projects/1019921068987/locations/us-central1/builds/9ea9f039-76f5-4c81-875b-20bee4376150","resourceUri":"https://console.cloud.google.com/cloud-build/builds;region=us-central1/9ea9f039-76f5-4c81-875b-20bee4376150?project=1019921068987"},{"name":"SERVICE","state":"NOT_STARTED"}],"operationType":"CREATE_FUNCTION","buildName":"projects/1019921068987/locations/us-central1/builds/9ea9f039-76f5-4c81-875b-20bee4376150"},"done":false}
[debug] [2025-06-11T08:21:51.285Z] [create-default-us-central1-helloWorld] Retrying task index 0
[debug] [2025-06-11T08:21:51.285Z] Checked if tokens are valid: true, expires at: 1749633547461
[debug] [2025-06-11T08:21:51.285Z] Checked if tokens are valid: true, expires at: 1749633547461
[debug] [2025-06-11T08:21:51.286Z] >>> [apiv2][query] GET https://cloudfunctions.googleapis.com/v2/projects/nukebuy/locations/us-central1/operations/operation-1749630109644-63747812c7608-388f071c-a79c0b40 [none]
